Verifying ECS Fargate service awslabs-r20261001-095441-1597775-svc on cluster awslabs-r20261001-095441-1597775-cluster in us-east-1
--- Waiting for a RUNNING task ---
  attempt 1/30: no running task yet, retrying in 5s...
  attempt 2/30: no running task yet, retrying in 5s...
RUNNING task: arn:aws:ecs:us-east-1:<account-id>:task/awslabs-r20261001-095441-1597775-cluster/d896f6b2e2cb42558dabb0362f2ab7fd
--- Resolving public IP ---
ENI: eni-048c5249b553ca64c
Public IP: 34.227.25.54
--- Polling http://34.227.25.54/ ---
  attempt 1/24: got HTTP 000000, retrying in 5s...
  attempt 2/24: got HTTP 000000, retrying in 5s...
HTTP 200 from container
final HTTP code: 200
--- Service summary ---
{
    "Service": "awslabs-r20261001-095441-1597775-svc",
    "Status": "ACTIVE",
    "Desired": 1,
    "Running": 1
}
--- Assertions ---
PASS: container reachable over HTTP (200)
PASS: service runningCount >= 1 (1)
