[0m[1mdata.aws_availability_zones.available: Reading...[0m[0m
[0m[1mdata.aws_iam_policy_document.ecs_assume: Reading...[0m[0m
[0m[1mdata.aws_iam_policy_document.ecs_assume: Read complete after 0s [id=1077804475][0m
[0m[1mdata.aws_availability_zones.available: Read complete after 1s [id=us-east-1][0m

Terraform used the selected providers to generate the following execution
plan. Resource actions are indicated with the following symbols:
  [32m+[0m create[0m

Terraform will perform the following actions:

[1m  # aws_cloudwatch_log_group.web[0m will be created
[0m  [32m+[0m[0m resource "aws_cloudwatch_log_group" "web" {
      [32m+[0m[0m arn               = (known after apply)
      [32m+[0m[0m id                = (known after apply)
      [32m+[0m[0m log_group_class   = (known after apply)
      [32m+[0m[0m name              = "/ecs/awslabs-r20261001-095441-1597775"
      [32m+[0m[0m name_prefix       = (known after apply)
      [32m+[0m[0m retention_in_days = 1
      [32m+[0m[0m skip_destroy      = false
      [32m+[0m[0m tags              = {
          [32m+[0m[0m "Name" = "awslabs-r20261001-095441-1597775-logs"
        }
      [32m+[0m[0m tags_all          = {
          [32m+[0m[0m "Name"       = "awslabs-r20261001-095441-1597775-logs"
          [32m+[0m[0m "lab"        = "04-ecs-fargate"
          [32m+[0m[0m "managed_by" = "terraform"
          [32m+[0m[0m "project"    = "awslabs"
          [32m+[0m[0m "run_id"     = "r20261001-095441-1597775"
        }
    }

[1m  # aws_ecs_cluster.main[0m will be created
[0m  [32m+[0m[0m resource "aws_ecs_cluster" "main" {
      [32m+[0m[0m arn      = (known after apply)
      [32m+[0m[0m id       = (known after apply)
      [32m+[0m[0m name     = "awslabs-r20261001-095441-1597775-cluster"
      [32m+[0m[0m tags     = {
          [32m+[0m[0m "Name" = "awslabs-r20261001-095441-1597775-cluster"
        }
      [32m+[0m[0m tags_all = {
          [32m+[0m[0m "Name"       = "awslabs-r20261001-095441-1597775-cluster"
          [32m+[0m[0m "lab"        = "04-ecs-fargate"
          [32m+[0m[0m "managed_by" = "terraform"
          [32m+[0m[0m "project"    = "awslabs"
          [32m+[0m[0m "run_id"     = "r20261001-095441-1597775"
        }

      [32m+[0m[0m setting (known after apply)
    }

[1m  # aws_ecs_service.web[0m will be created
[0m  [32m+[0m[0m resource "aws_ecs_service" "web" {
      [32m+[0m[0m availability_zone_rebalancing      = "DISABLED"
      [32m+[0m[0m cluster                            = (known after apply)
      [32m+[0m[0m deployment_maximum_percent         = 200
      [32m+[0m[0m deployment_minimum_healthy_percent = 100
      [32m+[0m[0m desired_count                      = 1
      [32m+[0m[0m enable_ecs_managed_tags            = false
      [32m+[0m[0m enable_execute_command             = false
      [32m+[0m[0m iam_role                           = (known after apply)
      [32m+[0m[0m id                                 = (known after apply)
      [32m+[0m[0m launch_type                        = "FARGATE"
      [32m+[0m[0m name                               = "awslabs-r20261001-095441-1597775-svc"
      [32m+[0m[0m platform_version                   = (known after apply)
      [32m+[0m[0m scheduling_strategy                = "REPLICA"
      [32m+[0m[0m tags                               = {
          [32m+[0m[0m "Name" = "awslabs-r20261001-095441-1597775-svc"
        }
      [32m+[0m[0m tags_all                           = {
          [32m+[0m[0m "Name"       = "awslabs-r20261001-095441-1597775-svc"
          [32m+[0m[0m "lab"        = "04-ecs-fargate"
          [32m+[0m[0m "managed_by" = "terraform"
          [32m+[0m[0m "project"    = "awslabs"
          [32m+[0m[0m "run_id"     = "r20261001-095441-1597775"
        }
      [32m+[0m[0m task_definition                    = (known after apply)
      [32m+[0m[0m triggers                           = (known after apply)
      [32m+[0m[0m wait_for_steady_state              = false

      [32m+[0m[0m network_configuration {
          [32m+[0m[0m assign_public_ip = true
          [32m+[0m[0m security_groups  = (known after apply)
          [32m+[0m[0m subnets          = (known after apply)
        }
    }

[1m  # aws_ecs_task_definition.web[0m will be created
[0m  [32m+[0m[0m resource "aws_ecs_task_definition" "web" {
      [32m+[0m[0m arn                      = (known after apply)
      [32m+[0m[0m arn_without_revision     = (known after apply)
      [32m+[0m[0m container_definitions    = jsonencode(
            [
              [32m+[0m[0m {
                  [32m+[0m[0m essential        = true
                  [32m+[0m[0m image            = "public.ecr.aws/nginx/nginx:stable"
                  [32m+[0m[0m logConfiguration = {
                      [32m+[0m[0m logDriver = "awslogs"
                      [32m+[0m[0m options   = {
                          [32m+[0m[0m awslogs-group         = "/ecs/awslabs-r20261001-095441-1597775"
                          [32m+[0m[0m awslogs-region        = "us-east-1"
                          [32m+[0m[0m awslogs-stream-prefix = "web"
                        }
                    }
                  [32m+[0m[0m name             = "web"
                  [32m+[0m[0m portMappings     = [
                      [32m+[0m[0m {
                          [32m+[0m[0m containerPort = 80
                          [32m+[0m[0m protocol      = "tcp"
                        },
                    ]
                },
            ]
        )
      [32m+[0m[0m cpu                      = "256"
      [32m+[0m[0m enable_fault_injection   = (known after apply)
      [32m+[0m[0m execution_role_arn       = (known after apply)
      [32m+[0m[0m family                   = "awslabs-r20261001-095441-1597775-web"
      [32m+[0m[0m id                       = (known after apply)
      [32m+[0m[0m memory                   = "512"
      [32m+[0m[0m network_mode             = "awsvpc"
      [32m+[0m[0m requires_compatibilities = [
          [32m+[0m[0m "FARGATE",
        ]
      [32m+[0m[0m revision                 = (known after apply)
      [32m+[0m[0m skip_destroy             = false
      [32m+[0m[0m tags                     = {
          [32m+[0m[0m "Name" = "awslabs-r20261001-095441-1597775-web"
        }
      [32m+[0m[0m tags_all                 = {
          [32m+[0m[0m "Name"       = "awslabs-r20261001-095441-1597775-web"
          [32m+[0m[0m "lab"        = "04-ecs-fargate"
          [32m+[0m[0m "managed_by" = "terraform"
          [32m+[0m[0m "project"    = "awslabs"
          [32m+[0m[0m "run_id"     = "r20261001-095441-1597775"
        }
      [32m+[0m[0m track_latest             = false
    }

[1m  # aws_iam_role.execution[0m will be created
[0m  [32m+[0m[0m resource "aws_iam_role" "execution" {
      [32m+[0m[0m arn                   = (known after apply)
      [32m+[0m[0m assume_role_policy    = jsonencode(
            {
              [32m+[0m[0m Statement = [
                  [32m+[0m[0m {
                      [32m+[0m[0m Action    = "sts:AssumeRole"
                      [32m+[0m[0m Effect    = "Allow"
                      [32m+[0m[0m Principal = {
                          [32m+[0m[0m Service = "ecs-tasks.amazonaws.com"
                        }
                    },
                ]
              [32m+[0m[0m Version   = "2012-10-17"
            }
        )
      [32m+[0m[0m create_date           = (known after apply)
      [32m+[0m[0m force_detach_policies = false
      [32m+[0m[0m id                    = (known after apply)
      [32m+[0m[0m managed_policy_arns   = (known after apply)
      [32m+[0m[0m max_session_duration  = 3600
      [32m+[0m[0m name                  = "awslabs-r20261001-095441-1597775-ecs-exec"
      [32m+[0m[0m name_prefix           = (known after apply)
      [32m+[0m[0m path                  = "/"
      [32m+[0m[0m tags                  = {
          [32m+[0m[0m "Name" = "awslabs-r20261001-095441-1597775-ecs-exec"
        }
      [32m+[0m[0m tags_all              = {
          [32m+[0m[0m "Name"       = "awslabs-r20261001-095441-1597775-ecs-exec"
          [32m+[0m[0m "lab"        = "04-ecs-fargate"
          [32m+[0m[0m "managed_by" = "terraform"
          [32m+[0m[0m "project"    = "awslabs"
          [32m+[0m[0m "run_id"     = "r20261001-095441-1597775"
        }
      [32m+[0m[0m unique_id             = (known after apply)

      [32m+[0m[0m inline_policy (known after apply)
    }

[1m  # aws_iam_role_policy_attachment.execution[0m will be created
[0m  [32m+[0m[0m resource "aws_iam_role_policy_attachment" "execution" {
      [32m+[0m[0m id         = (known after apply)
      [32m+[0m[0m policy_arn = "arn:aws:iam::aws:policy/service-role/AmazonECSTaskExecutionRolePolicy"
      [32m+[0m[0m role       = "awslabs-r20261001-095441-1597775-ecs-exec"
    }

[1m  # aws_internet_gateway.igw[0m will be created
[0m  [32m+[0m[0m resource "aws_internet_gateway" "igw" {
      [32m+[0m[0m arn      = (known after apply)
      [32m+[0m[0m id       = (known after apply)
      [32m+[0m[0m owner_id = (known after apply)
      [32m+[0m[0m tags     = {
          [32m+[0m[0m "Name" = "awslabs-r20261001-095441-1597775-igw"
        }
      [32m+[0m[0m tags_all = {
          [32m+[0m[0m "Name"       = "awslabs-r20261001-095441-1597775-igw"
          [32m+[0m[0m "lab"        = "04-ecs-fargate"
          [32m+[0m[0m "managed_by" = "terraform"
          [32m+[0m[0m "project"    = "awslabs"
          [32m+[0m[0m "run_id"     = "r20261001-095441-1597775"
        }
      [32m+[0m[0m vpc_id   = (known after apply)
    }

[1m  # aws_route_table.public[0m will be created
[0m  [32m+[0m[0m resource "aws_route_table" "public" {
      [32m+[0m[0m arn              = (known after apply)
      [32m+[0m[0m id               = (known after apply)
      [32m+[0m[0m owner_id         = (known after apply)
      [32m+[0m[0m propagating_vgws = (known after apply)
      [32m+[0m[0m route            = [
          [32m+[0m[0m {
              [32m+[0m[0m cidr_block                 = "0.0.0.0/0"
              [32m+[0m[0m gateway_id                 = (known after apply)
                [90m# (11 unchanged attributes hidden)[0m[0m
            },
        ]
      [32m+[0m[0m tags             = {
          [32m+[0m[0m "Name" = "awslabs-r20261001-095441-1597775-rt-public"
        }
      [32m+[0m[0m tags_all         = {
          [32m+[0m[0m "Name"       = "awslabs-r20261001-095441-1597775-rt-public"
          [32m+[0m[0m "lab"        = "04-ecs-fargate"
          [32m+[0m[0m "managed_by" = "terraform"
          [32m+[0m[0m "project"    = "awslabs"
          [32m+[0m[0m "run_id"     = "r20261001-095441-1597775"
        }
      [32m+[0m[0m vpc_id           = (known after apply)
    }

[1m  # aws_route_table_association.public[0][0m will be created
[0m  [32m+[0m[0m resource "aws_route_table_association" "public" {
      [32m+[0m[0m id             = (known after apply)
      [32m+[0m[0m route_table_id = (known after apply)
      [32m+[0m[0m subnet_id      = (known after apply)
    }

[1m  # aws_route_table_association.public[1][0m will be created
[0m  [32m+[0m[0m resource "aws_route_table_association" "public" {
      [32m+[0m[0m id             = (known after apply)
      [32m+[0m[0m route_table_id = (known after apply)
      [32m+[0m[0m subnet_id      = (known after apply)
    }

[1m  # aws_security_group.web[0m will be created
[0m  [32m+[0m[0m resource "aws_security_group" "web" {
      [32m+[0m[0m arn                    = (known after apply)
      [32m+[0m[0m description            = "Allow inbound HTTP, all outbound"
      [32m+[0m[0m egress                 = [
          [32m+[0m[0m {
              [32m+[0m[0m cidr_blocks      = [
                  [32m+[0m[0m "0.0.0.0/0",
                ]
              [32m+[0m[0m description      = "All outbound"
              [32m+[0m[0m from_port        = 0
              [32m+[0m[0m ipv6_cidr_blocks = []
              [32m+[0m[0m prefix_list_ids  = []
              [32m+[0m[0m protocol         = "-1"
              [32m+[0m[0m security_groups  = []
              [32m+[0m[0m self             = false
              [32m+[0m[0m to_port          = 0
            },
        ]
      [32m+[0m[0m id                     = (known after apply)
      [32m+[0m[0m ingress                = [
          [32m+[0m[0m {
              [32m+[0m[0m cidr_blocks      = [
                  [32m+[0m[0m "0.0.0.0/0",
                ]
              [32m+[0m[0m description      = "HTTP from anywhere"
              [32m+[0m[0m from_port        = 80
              [32m+[0m[0m ipv6_cidr_blocks = []
              [32m+[0m[0m prefix_list_ids  = []
              [32m+[0m[0m protocol         = "tcp"
              [32m+[0m[0m security_groups  = []
              [32m+[0m[0m self             = false
              [32m+[0m[0m to_port          = 80
            },
        ]
      [32m+[0m[0m name                   = (known after apply)
      [32m+[0m[0m name_prefix            = "awslabs-r20261001-095441-1597775-web-"
      [32m+[0m[0m owner_id               = (known after apply)
      [32m+[0m[0m revoke_rules_on_delete = false
      [32m+[0m[0m tags                   = {
          [32m+[0m[0m "Name" = "awslabs-r20261001-095441-1597775-web-sg"
        }
      [32m+[0m[0m tags_all               = {
          [32m+[0m[0m "Name"       = "awslabs-r20261001-095441-1597775-web-sg"
          [32m+[0m[0m "lab"        = "04-ecs-fargate"
          [32m+[0m[0m "managed_by" = "terraform"
          [32m+[0m[0m "project"    = "awslabs"
          [32m+[0m[0m "run_id"     = "r20261001-095441-1597775"
        }
      [32m+[0m[0m vpc_id                 = (known after apply)
    }

[1m  # aws_subnet.public[0][0m will be created
[0m  [32m+[0m[0m resource "aws_subnet" "public" {
      [32m+[0m[0m arn                                            = (known after apply)
      [32m+[0m[0m assign_ipv6_address_on_creation                = false
      [32m+[0m[0m availability_zone                              = "us-east-1a"
      [32m+[0m[0m availability_zone_id                           = (known after apply)
      [32m+[0m[0m cidr_block                                     = "10.40.0.0/24"
      [32m+[0m[0m enable_dns64                                   = false
      [32m+[0m[0m enable_resource_name_dns_a_record_on_launch    = false
      [32m+[0m[0m enable_resource_name_dns_aaaa_record_on_launch = false
      [32m+[0m[0m id                                             = (known after apply)
      [32m+[0m[0m ipv6_cidr_block_association_id                 = (known after apply)
      [32m+[0m[0m ipv6_native                                    = false
      [32m+[0m[0m map_public_ip_on_launch                        = true
      [32m+[0m[0m owner_id                                       = (known after apply)
      [32m+[0m[0m private_dns_hostname_type_on_launch            = (known after apply)
      [32m+[0m[0m tags                                           = {
          [32m+[0m[0m "Name" = "awslabs-r20261001-095441-1597775-public-0"
          [32m+[0m[0m "tier" = "public"
        }
      [32m+[0m[0m tags_all                                       = {
          [32m+[0m[0m "Name"       = "awslabs-r20261001-095441-1597775-public-0"
          [32m+[0m[0m "lab"        = "04-ecs-fargate"
          [32m+[0m[0m "managed_by" = "terraform"
          [32m+[0m[0m "project"    = "awslabs"
          [32m+[0m[0m "run_id"     = "r20261001-095441-1597775"
          [32m+[0m[0m "tier"       = "public"
        }
      [32m+[0m[0m vpc_id                                         = (known after apply)
    }

[1m  # aws_subnet.public[1][0m will be created
[0m  [32m+[0m[0m resource "aws_subnet" "public" {
      [32m+[0m[0m arn                                            = (known after apply)
      [32m+[0m[0m assign_ipv6_address_on_creation                = false
      [32m+[0m[0m availability_zone                              = "us-east-1b"
      [32m+[0m[0m availability_zone_id                           = (known after apply)
      [32m+[0m[0m cidr_block                                     = "10.40.1.0/24"
      [32m+[0m[0m enable_dns64                                   = false
      [32m+[0m[0m enable_resource_name_dns_a_record_on_launch    = false
      [32m+[0m[0m enable_resource_name_dns_aaaa_record_on_launch = false
      [32m+[0m[0m id                                             = (known after apply)
      [32m+[0m[0m ipv6_cidr_block_association_id                 = (known after apply)
      [32m+[0m[0m ipv6_native                                    = false
      [32m+[0m[0m map_public_ip_on_launch                        = true
      [32m+[0m[0m owner_id                                       = (known after apply)
      [32m+[0m[0m private_dns_hostname_type_on_launch            = (known after apply)
      [32m+[0m[0m tags                                           = {
          [32m+[0m[0m "Name" = "awslabs-r20261001-095441-1597775-public-1"
          [32m+[0m[0m "tier" = "public"
        }
      [32m+[0m[0m tags_all                                       = {
          [32m+[0m[0m "Name"       = "awslabs-r20261001-095441-1597775-public-1"
          [32m+[0m[0m "lab"        = "04-ecs-fargate"
          [32m+[0m[0m "managed_by" = "terraform"
          [32m+[0m[0m "project"    = "awslabs"
          [32m+[0m[0m "run_id"     = "r20261001-095441-1597775"
          [32m+[0m[0m "tier"       = "public"
        }
      [32m+[0m[0m vpc_id                                         = (known after apply)
    }

[1m  # aws_vpc.main[0m will be created
[0m  [32m+[0m[0m resource "aws_vpc" "main" {
      [32m+[0m[0m arn                                  = (known after apply)
      [32m+[0m[0m cidr_block                           = "10.40.0.0/16"
      [32m+[0m[0m default_network_acl_id               = (known after apply)
      [32m+[0m[0m default_route_table_id               = (known after apply)
      [32m+[0m[0m default_security_group_id            = (known after apply)
      [32m+[0m[0m dhcp_options_id                      = (known after apply)
      [32m+[0m[0m enable_dns_hostnames                 = true
      [32m+[0m[0m enable_dns_support                   = true
      [32m+[0m[0m enable_network_address_usage_metrics = (known after apply)
      [32m+[0m[0m id                                   = (known after apply)
      [32m+[0m[0m instance_tenancy                     = "default"
      [32m+[0m[0m ipv6_association_id                  = (known after apply)
      [32m+[0m[0m ipv6_cidr_block                      = (known after apply)
      [32m+[0m[0m ipv6_cidr_block_network_border_group = (known after apply)
      [32m+[0m[0m main_route_table_id                  = (known after apply)
      [32m+[0m[0m owner_id                             = (known after apply)
      [32m+[0m[0m tags                                 = {
          [32m+[0m[0m "Name" = "awslabs-r20261001-095441-1597775-vpc"
        }
      [32m+[0m[0m tags_all                             = {
          [32m+[0m[0m "Name"       = "awslabs-r20261001-095441-1597775-vpc"
          [32m+[0m[0m "lab"        = "04-ecs-fargate"
          [32m+[0m[0m "managed_by" = "terraform"
          [32m+[0m[0m "project"    = "awslabs"
          [32m+[0m[0m "run_id"     = "r20261001-095441-1597775"
        }
    }

[1mPlan:[0m [0m14 to add, 0 to change, 0 to destroy.

Changes to Outputs:
  [32m+[0m[0m cluster_name      = "awslabs-r20261001-095441-1597775-cluster"
  [32m+[0m[0m security_group_id = (known after apply)
  [32m+[0m[0m service_name      = "awslabs-r20261001-095441-1597775-svc"
  [32m+[0m[0m subnet_ids        = [
      [32m+[0m[0m (known after apply),
      [32m+[0m[0m (known after apply),
    ]
  [32m+[0m[0m task_family       = "awslabs-r20261001-095441-1597775-web"
  [32m+[0m[0m vpc_id            = (known after apply)
[0m[1maws_ecs_cluster.main: Creating...[0m[0m
[0m[1maws_cloudwatch_log_group.web: Creating...[0m[0m
[0m[1maws_vpc.main: Creating...[0m[0m
[0m[1maws_iam_role.execution: Creating...[0m[0m
[0m[1maws_iam_role.execution: Creation complete after 1s [id=awslabs-r20261001-095441-1597775-ecs-exec][0m
[0m[1maws_iam_role_policy_attachment.execution: Creating...[0m[0m
[0m[1maws_cloudwatch_log_group.web: Creation complete after 2s [id=/ecs/awslabs-r20261001-095441-1597775][0m
[0m[1maws_ecs_task_definition.web: Creating...[0m[0m
[0m[1maws_iam_role_policy_attachment.execution: Creation complete after 1s [id=awslabs-r20261001-095441-1597775-ecs-exec-20261001165454511000000001][0m
[0m[1maws_ecs_task_definition.web: Creation complete after 0s [id=awslabs-r20261001-095441-1597775-web][0m
[0m[1maws_ecs_cluster.main: Still creating... [00m10s elapsed][0m[0m
[0m[1maws_vpc.main: Still creating... [00m10s elapsed][0m[0m
[0m[1maws_ecs_cluster.main: Creation complete after 11s [id=arn:aws:ecs:us-east-1:<account-id>:cluster/awslabs-r20261001-095441-1597775-cluster][0m
[0m[1maws_vpc.main: Creation complete after 13s [id=vpc-0181b8a855440c2ae][0m
[0m[1maws_subnet.public[1]: Creating...[0m[0m
[0m[1maws_internet_gateway.igw: Creating...[0m[0m
[0m[1maws_subnet.public[0]: Creating...[0m[0m
[0m[1maws_security_group.web: Creating...[0m[0m
[0m[1maws_internet_gateway.igw: Creation complete after 1s [id=igw-03fc632c02b027cdb][0m
[0m[1maws_route_table.public: Creating...[0m[0m
[0m[1maws_route_table.public: Creation complete after 2s [id=rtb-023788965dce85f8f][0m
[0m[1maws_security_group.web: Creation complete after 4s [id=sg-047eb3e5418e020b0][0m
[0m[1maws_subnet.public[1]: Still creating... [00m10s elapsed][0m[0m
[0m[1maws_subnet.public[0]: Still creating... [00m10s elapsed][0m[0m
[0m[1maws_subnet.public[0]: Creation complete after 12s [id=subnet-09534b1ff414f0801][0m
[0m[1maws_subnet.public[1]: Creation complete after 12s [id=subnet-0a8d16309f7fc1ba6][0m
[0m[1maws_route_table_association.public[0]: Creating...[0m[0m
[0m[1maws_route_table_association.public[1]: Creating...[0m[0m
[0m[1maws_ecs_service.web: Creating...[0m[0m
[0m[1maws_route_table_association.public[1]: Creation complete after 0s [id=rtbassoc-00abec44935271436][0m
[0m[1maws_route_table_association.public[0]: Creation complete after 0s [id=rtbassoc-0e528c41f31ebb0ba][0m
[0m[1maws_ecs_service.web: Creation complete after 1s [id=arn:aws:ecs:us-east-1:<account-id>:service/awslabs-r20261001-095441-1597775-cluster/awslabs-r20261001-095441-1597775-svc][0m
[0m[1m[32m
Apply complete! Resources: 14 added, 0 changed, 0 destroyed.[0m
[0m[1m[32m
Outputs:

[0mcluster_name = "awslabs-r20261001-095441-1597775-cluster"
security_group_id = "sg-047eb3e5418e020b0"
service_name = "awslabs-r20261001-095441-1597775-svc"
subnet_ids = [
  "subnet-09534b1ff414f0801",
  "subnet-0a8d16309f7fc1ba6",
]
task_family = "awslabs-r20261001-095441-1597775-web"
vpc_id = "vpc-0181b8a855440c2ae"
