[0m[1mdata.aws_availability_zones.available: Reading...[0m[0m
[0m[1mdata.aws_ami.al2023: Reading...[0m[0m
[0m[1mdata.aws_availability_zones.available: Read complete after 0s [id=us-east-1][0m
[0m[1mdata.aws_ami.al2023: Read complete after 1s [id=ami-03c3da4cfa8e8943a][0m

Terraform used the selected providers to generate the following execution
plan. Resource actions are indicated with the following symbols:
  [32m+[0m create[0m

Terraform will perform the following actions:

[1m  # aws_autoscaling_group.web[0m will be created
[0m  [32m+[0m[0m resource "aws_autoscaling_group" "web" {
      [32m+[0m[0m arn                              = (known after apply)
      [32m+[0m[0m availability_zones               = (known after apply)
      [32m+[0m[0m default_cooldown                 = (known after apply)
      [32m+[0m[0m desired_capacity                 = 2
      [32m+[0m[0m force_delete                     = false
      [32m+[0m[0m force_delete_warm_pool           = false
      [32m+[0m[0m health_check_grace_period        = 300
      [32m+[0m[0m health_check_type                = "ELB"
      [32m+[0m[0m id                               = (known after apply)
      [32m+[0m[0m ignore_failed_scaling_activities = false
      [32m+[0m[0m load_balancers                   = (known after apply)
      [32m+[0m[0m max_size                         = 2
      [32m+[0m[0m metrics_granularity              = "1Minute"
      [32m+[0m[0m min_size                         = 2
      [32m+[0m[0m name                             = "awslabs-r20261001-095217-1593629-asg"
      [32m+[0m[0m name_prefix                      = (known after apply)
      [32m+[0m[0m predicted_capacity               = (known after apply)
      [32m+[0m[0m protect_from_scale_in            = false
      [32m+[0m[0m service_linked_role_arn          = (known after apply)
      [32m+[0m[0m target_group_arns                = (known after apply)
      [32m+[0m[0m vpc_zone_identifier              = (known after apply)
      [32m+[0m[0m wait_for_capacity_timeout        = "10m"
      [32m+[0m[0m warm_pool_size                   = (known after apply)

      [32m+[0m[0m availability_zone_distribution (known after apply)

      [32m+[0m[0m capacity_reservation_specification (known after apply)

      [32m+[0m[0m launch_template {
          [32m+[0m[0m id      = (known after apply)
          [32m+[0m[0m name    = (known after apply)
          [32m+[0m[0m version = "$Latest"
        }

      [32m+[0m[0m mixed_instances_policy (known after apply)

      [32m+[0m[0m tag {
          [32m+[0m[0m key                 = "Name"
          [32m+[0m[0m propagate_at_launch = true
          [32m+[0m[0m value               = "awslabs-r20261001-095217-1593629-web"
        }

      [32m+[0m[0m traffic_source (known after apply)
    }

[1m  # aws_internet_gateway.igw[0m will be created
[0m  [32m+[0m[0m resource "aws_internet_gateway" "igw" {
      [32m+[0m[0m arn      = (known after apply)
      [32m+[0m[0m id       = (known after apply)
      [32m+[0m[0m owner_id = (known after apply)
      [32m+[0m[0m tags     = {
          [32m+[0m[0m "Name" = "awslabs-r20261001-095217-1593629-igw"
        }
      [32m+[0m[0m tags_all = {
          [32m+[0m[0m "Name"       = "awslabs-r20261001-095217-1593629-igw"
          [32m+[0m[0m "lab"        = "02-ec2-alb-asg"
          [32m+[0m[0m "managed_by" = "terraform"
          [32m+[0m[0m "project"    = "awslabs"
          [32m+[0m[0m "run_id"     = "r20261001-095217-1593629"
        }
      [32m+[0m[0m vpc_id   = (known after apply)
    }

[1m  # aws_launch_template.web[0m will be created
[0m  [32m+[0m[0m resource "aws_launch_template" "web" {
      [32m+[0m[0m arn                    = (known after apply)
      [32m+[0m[0m default_version        = (known after apply)
      [32m+[0m[0m id                     = (known after apply)
      [32m+[0m[0m image_id               = "ami-03c3da4cfa8e8943a"
      [32m+[0m[0m instance_type          = "t3.micro"
      [32m+[0m[0m latest_version         = (known after apply)
      [32m+[0m[0m name                   = (known after apply)
      [32m+[0m[0m name_prefix            = "awslabs-r20261001-095217-1593629-lt-"
      [32m+[0m[0m tags_all               = {
          [32m+[0m[0m "lab"        = "02-ec2-alb-asg"
          [32m+[0m[0m "managed_by" = "terraform"
          [32m+[0m[0m "project"    = "awslabs"
          [32m+[0m[0m "run_id"     = "r20261001-095217-1593629"
        }
      [32m+[0m[0m user_data              = "IyEvYmluL2Jhc2gKc2V0IC1ldXhvIHBpcGVmYWlsCmRuZiBpbnN0YWxsIC15IGh0dHBkClRPS0VOPSQoY3VybCAtcyAtWCBQVVQgImh0dHA6Ly8xNjkuMjU0LjE2OS4yNTQvbGF0ZXN0L2FwaS90b2tlbiIgLUggIlgtYXdzLWVjMi1tZXRhZGF0YS10b2tlbi10dGwtc2Vjb25kczogMzAwIikKSUlEPSQoY3VybCAtcyAtSCAiWC1hd3MtZWMyLW1ldGFkYXRhLXRva2VuOiAkVE9LRU4iIGh0dHA6Ly8xNjkuMjU0LjE2OS4yNTQvbGF0ZXN0L21ldGEtZGF0YS9pbnN0YW5jZS1pZCkKZWNobyAiSGVsbG8gZnJvbSBpbnN0YW5jZSAkSUlEIiA+IC92YXIvd3d3L2h0bWwvaW5kZXguaHRtbApzeXN0ZW1jdGwgZW5hYmxlIC0tbm93IGh0dHBkCg=="
      [32m+[0m[0m vpc_security_group_ids = (known after apply)

      [32m+[0m[0m metadata_options {
          [32m+[0m[0m http_endpoint               = "enabled"
          [32m+[0m[0m http_protocol_ipv6          = (known after apply)
          [32m+[0m[0m http_put_response_hop_limit = 1
          [32m+[0m[0m http_tokens                 = "required"
          [32m+[0m[0m instance_metadata_tags      = (known after apply)
        }

      [32m+[0m[0m tag_specifications {
          [32m+[0m[0m resource_type = "instance"
          [32m+[0m[0m tags          = {
              [32m+[0m[0m "Name" = "awslabs-r20261001-095217-1593629-web"
            }
        }
    }

[1m  # aws_lb.web[0m will be created
[0m  [32m+[0m[0m resource "aws_lb" "web" {
      [32m+[0m[0m arn                                                          = (known after apply)
      [32m+[0m[0m arn_suffix                                                   = (known after apply)
      [32m+[0m[0m client_keep_alive                                            = 3600
      [32m+[0m[0m desync_mitigation_mode                                       = "defensive"
      [32m+[0m[0m dns_name                                                     = (known after apply)
      [32m+[0m[0m drop_invalid_header_fields                                   = false
      [32m+[0m[0m enable_deletion_protection                                   = false
      [32m+[0m[0m enable_http2                                                 = true
      [32m+[0m[0m enable_tls_version_and_cipher_suite_headers                  = false
      [32m+[0m[0m enable_waf_fail_open                                         = false
      [32m+[0m[0m enable_xff_client_port                                       = false
      [32m+[0m[0m enable_zonal_shift                                           = false
      [32m+[0m[0m enforce_security_group_inbound_rules_on_private_link_traffic = (known after apply)
      [32m+[0m[0m id                                                           = (known after apply)
      [32m+[0m[0m idle_timeout                                                 = 60
      [32m+[0m[0m internal                                                     = false
      [32m+[0m[0m ip_address_type                                              = (known after apply)
      [32m+[0m[0m load_balancer_type                                           = "application"
      [32m+[0m[0m name                                                         = "awslabs--1593629-alb"
      [32m+[0m[0m name_prefix                                                  = (known after apply)
      [32m+[0m[0m preserve_host_header                                         = false
      [32m+[0m[0m security_groups                                              = (known after apply)
      [32m+[0m[0m subnets                                                      = (known after apply)
      [32m+[0m[0m tags                                                         = {
          [32m+[0m[0m "Name" = "awslabs-r20261001-095217-1593629-alb"
        }
      [32m+[0m[0m tags_all                                                     = {
          [32m+[0m[0m "Name"       = "awslabs-r20261001-095217-1593629-alb"
          [32m+[0m[0m "lab"        = "02-ec2-alb-asg"
          [32m+[0m[0m "managed_by" = "terraform"
          [32m+[0m[0m "project"    = "awslabs"
          [32m+[0m[0m "run_id"     = "r20261001-095217-1593629"
        }
      [32m+[0m[0m vpc_id                                                       = (known after apply)
      [32m+[0m[0m xff_header_processing_mode                                   = "append"
      [32m+[0m[0m zone_id                                                      = (known after apply)

      [32m+[0m[0m subnet_mapping (known after apply)
    }

[1m  # aws_lb_listener.http[0m will be created
[0m  [32m+[0m[0m resource "aws_lb_listener" "http" {
      [32m+[0m[0m arn                                                                   = (known after apply)
      [32m+[0m[0m id                                                                    = (known after apply)
      [32m+[0m[0m load_balancer_arn                                                     = (known after apply)
      [32m+[0m[0m port                                                                  = 80
      [32m+[0m[0m protocol                                                              = "HTTP"
      [32m+[0m[0m routing_http_request_x_amzn_mtls_clientcert_header_name               = (known after apply)
      [32m+[0m[0m routing_http_request_x_amzn_mtls_clientcert_issuer_header_name        = (known after apply)
      [32m+[0m[0m routing_http_request_x_amzn_mtls_clientcert_leaf_header_name          = (known after apply)
      [32m+[0m[0m routing_http_request_x_amzn_mtls_clientcert_serial_number_header_name = (known after apply)
      [32m+[0m[0m routing_http_request_x_amzn_mtls_clientcert_subject_header_name       = (known after apply)
      [32m+[0m[0m routing_http_request_x_amzn_mtls_clientcert_validity_header_name      = (known after apply)
      [32m+[0m[0m routing_http_request_x_amzn_tls_cipher_suite_header_name              = (known after apply)
      [32m+[0m[0m routing_http_request_x_amzn_tls_version_header_name                   = (known after apply)
      [32m+[0m[0m routing_http_response_access_control_allow_credentials_header_value   = (known after apply)
      [32m+[0m[0m routing_http_response_access_control_allow_headers_header_value       = (known after apply)
      [32m+[0m[0m routing_http_response_access_control_allow_methods_header_value       = (known after apply)
      [32m+[0m[0m routing_http_response_access_control_allow_origin_header_value        = (known after apply)
      [32m+[0m[0m routing_http_response_access_control_expose_headers_header_value      = (known after apply)
      [32m+[0m[0m routing_http_response_access_control_max_age_header_value             = (known after apply)
      [32m+[0m[0m routing_http_response_content_security_policy_header_value            = (known after apply)
      [32m+[0m[0m routing_http_response_server_enabled                                  = (known after apply)
      [32m+[0m[0m routing_http_response_strict_transport_security_header_value          = (known after apply)
      [32m+[0m[0m routing_http_response_x_content_type_options_header_value             = (known after apply)
      [32m+[0m[0m routing_http_response_x_frame_options_header_value                    = (known after apply)
      [32m+[0m[0m ssl_policy                                                            = (known after apply)
      [32m+[0m[0m tags_all                                                              = {
          [32m+[0m[0m "lab"        = "02-ec2-alb-asg"
          [32m+[0m[0m "managed_by" = "terraform"
          [32m+[0m[0m "project"    = "awslabs"
          [32m+[0m[0m "run_id"     = "r20261001-095217-1593629"
        }
      [32m+[0m[0m tcp_idle_timeout_seconds                                              = (known after apply)

      [32m+[0m[0m default_action {
          [32m+[0m[0m order            = (known after apply)
          [32m+[0m[0m target_group_arn = (known after apply)
          [32m+[0m[0m type             = "forward"
        }

      [32m+[0m[0m mutual_authentication (known after apply)
    }

[1m  # aws_lb_target_group.web[0m will be created
[0m  [32m+[0m[0m resource "aws_lb_target_group" "web" {
      [32m+[0m[0m arn                                = (known after apply)
      [32m+[0m[0m arn_suffix                         = (known after apply)
      [32m+[0m[0m connection_termination             = (known after apply)
      [32m+[0m[0m deregistration_delay               = "300"
      [32m+[0m[0m id                                 = (known after apply)
      [32m+[0m[0m ip_address_type                    = (known after apply)
      [32m+[0m[0m lambda_multi_value_headers_enabled = false
      [32m+[0m[0m load_balancer_arns                 = (known after apply)
      [32m+[0m[0m load_balancing_algorithm_type      = (known after apply)
      [32m+[0m[0m load_balancing_anomaly_mitigation  = (known after apply)
      [32m+[0m[0m load_balancing_cross_zone_enabled  = (known after apply)
      [32m+[0m[0m name                               = "awslabs--1593629-tg"
      [32m+[0m[0m name_prefix                        = (known after apply)
      [32m+[0m[0m port                               = 80
      [32m+[0m[0m preserve_client_ip                 = (known after apply)
      [32m+[0m[0m protocol                           = "HTTP"
      [32m+[0m[0m protocol_version                   = (known after apply)
      [32m+[0m[0m proxy_protocol_v2                  = false
      [32m+[0m[0m slow_start                         = 0
      [32m+[0m[0m tags                               = {
          [32m+[0m[0m "Name" = "awslabs-r20261001-095217-1593629-tg"
        }
      [32m+[0m[0m tags_all                           = {
          [32m+[0m[0m "Name"       = "awslabs-r20261001-095217-1593629-tg"
          [32m+[0m[0m "lab"        = "02-ec2-alb-asg"
          [32m+[0m[0m "managed_by" = "terraform"
          [32m+[0m[0m "project"    = "awslabs"
          [32m+[0m[0m "run_id"     = "r20261001-095217-1593629"
        }
      [32m+[0m[0m target_type                        = "instance"
      [32m+[0m[0m vpc_id                             = (known after apply)

      [32m+[0m[0m health_check {
          [32m+[0m[0m enabled             = true
          [32m+[0m[0m healthy_threshold   = 2
          [32m+[0m[0m interval            = 10
          [32m+[0m[0m matcher             = "200"
          [32m+[0m[0m path                = "/"
          [32m+[0m[0m port                = "traffic-port"
          [32m+[0m[0m protocol            = "HTTP"
          [32m+[0m[0m timeout             = 5
          [32m+[0m[0m unhealthy_threshold = 2
        }

      [32m+[0m[0m stickiness (known after apply)

      [32m+[0m[0m target_failover (known after apply)

      [32m+[0m[0m target_group_health (known after apply)

      [32m+[0m[0m target_health_state (known after apply)
    }

[1m  # aws_route_table.public[0m will be created
[0m  [32m+[0m[0m resource "aws_route_table" "public" {
      [32m+[0m[0m arn              = (known after apply)
      [32m+[0m[0m id               = (known after apply)
      [32m+[0m[0m owner_id         = (known after apply)
      [32m+[0m[0m propagating_vgws = (known after apply)
      [32m+[0m[0m route            = [
          [32m+[0m[0m {
              [32m+[0m[0m cidr_block                 = "0.0.0.0/0"
              [32m+[0m[0m gateway_id                 = (known after apply)
                [90m# (11 unchanged attributes hidden)[0m[0m
            },
        ]
      [32m+[0m[0m tags             = {
          [32m+[0m[0m "Name" = "awslabs-r20261001-095217-1593629-rt-public"
        }
      [32m+[0m[0m tags_all         = {
          [32m+[0m[0m "Name"       = "awslabs-r20261001-095217-1593629-rt-public"
          [32m+[0m[0m "lab"        = "02-ec2-alb-asg"
          [32m+[0m[0m "managed_by" = "terraform"
          [32m+[0m[0m "project"    = "awslabs"
          [32m+[0m[0m "run_id"     = "r20261001-095217-1593629"
        }
      [32m+[0m[0m vpc_id           = (known after apply)
    }

[1m  # aws_route_table_association.public[0][0m will be created
[0m  [32m+[0m[0m resource "aws_route_table_association" "public" {
      [32m+[0m[0m id             = (known after apply)
      [32m+[0m[0m route_table_id = (known after apply)
      [32m+[0m[0m subnet_id      = (known after apply)
    }

[1m  # aws_route_table_association.public[1][0m will be created
[0m  [32m+[0m[0m resource "aws_route_table_association" "public" {
      [32m+[0m[0m id             = (known after apply)
      [32m+[0m[0m route_table_id = (known after apply)
      [32m+[0m[0m subnet_id      = (known after apply)
    }

[1m  # aws_security_group.alb[0m will be created
[0m  [32m+[0m[0m resource "aws_security_group" "alb" {
      [32m+[0m[0m arn                    = (known after apply)
      [32m+[0m[0m description            = "ALB: allow inbound HTTP from anywhere, all outbound"
      [32m+[0m[0m egress                 = [
          [32m+[0m[0m {
              [32m+[0m[0m cidr_blocks      = [
                  [32m+[0m[0m "0.0.0.0/0",
                ]
              [32m+[0m[0m description      = "All outbound"
              [32m+[0m[0m from_port        = 0
              [32m+[0m[0m ipv6_cidr_blocks = []
              [32m+[0m[0m prefix_list_ids  = []
              [32m+[0m[0m protocol         = "-1"
              [32m+[0m[0m security_groups  = []
              [32m+[0m[0m self             = false
              [32m+[0m[0m to_port          = 0
            },
        ]
      [32m+[0m[0m id                     = (known after apply)
      [32m+[0m[0m ingress                = [
          [32m+[0m[0m {
              [32m+[0m[0m cidr_blocks      = [
                  [32m+[0m[0m "0.0.0.0/0",
                ]
              [32m+[0m[0m description      = "HTTP from anywhere"
              [32m+[0m[0m from_port        = 80
              [32m+[0m[0m ipv6_cidr_blocks = []
              [32m+[0m[0m prefix_list_ids  = []
              [32m+[0m[0m protocol         = "tcp"
              [32m+[0m[0m security_groups  = []
              [32m+[0m[0m self             = false
              [32m+[0m[0m to_port          = 80
            },
        ]
      [32m+[0m[0m name                   = (known after apply)
      [32m+[0m[0m name_prefix            = "awslabs-r20261001-095217-1593629-alb-"
      [32m+[0m[0m owner_id               = (known after apply)
      [32m+[0m[0m revoke_rules_on_delete = false
      [32m+[0m[0m tags                   = {
          [32m+[0m[0m "Name" = "awslabs-r20261001-095217-1593629-alb-sg"
        }
      [32m+[0m[0m tags_all               = {
          [32m+[0m[0m "Name"       = "awslabs-r20261001-095217-1593629-alb-sg"
          [32m+[0m[0m "lab"        = "02-ec2-alb-asg"
          [32m+[0m[0m "managed_by" = "terraform"
          [32m+[0m[0m "project"    = "awslabs"
          [32m+[0m[0m "run_id"     = "r20261001-095217-1593629"
        }
      [32m+[0m[0m vpc_id                 = (known after apply)
    }

[1m  # aws_security_group.instance[0m will be created
[0m  [32m+[0m[0m resource "aws_security_group" "instance" {
      [32m+[0m[0m arn                    = (known after apply)
      [32m+[0m[0m description            = "Web instances: allow inbound HTTP ONLY from the ALB, all outbound"
      [32m+[0m[0m egress                 = [
          [32m+[0m[0m {
              [32m+[0m[0m cidr_blocks      = [
                  [32m+[0m[0m "0.0.0.0/0",
                ]
              [32m+[0m[0m description      = "All outbound"
              [32m+[0m[0m from_port        = 0
              [32m+[0m[0m ipv6_cidr_blocks = []
              [32m+[0m[0m prefix_list_ids  = []
              [32m+[0m[0m protocol         = "-1"
              [32m+[0m[0m security_groups  = []
              [32m+[0m[0m self             = false
              [32m+[0m[0m to_port          = 0
            },
        ]
      [32m+[0m[0m id                     = (known after apply)
      [32m+[0m[0m ingress                = [
          [32m+[0m[0m {
              [32m+[0m[0m cidr_blocks      = []
              [32m+[0m[0m description      = "HTTP from the ALB only"
              [32m+[0m[0m from_port        = 80
              [32m+[0m[0m ipv6_cidr_blocks = []
              [32m+[0m[0m prefix_list_ids  = []
              [32m+[0m[0m protocol         = "tcp"
              [32m+[0m[0m security_groups  = (known after apply)
              [32m+[0m[0m self             = false
              [32m+[0m[0m to_port          = 80
            },
        ]
      [32m+[0m[0m name                   = (known after apply)
      [32m+[0m[0m name_prefix            = "awslabs-r20261001-095217-1593629-instance-"
      [32m+[0m[0m owner_id               = (known after apply)
      [32m+[0m[0m revoke_rules_on_delete = false
      [32m+[0m[0m tags                   = {
          [32m+[0m[0m "Name" = "awslabs-r20261001-095217-1593629-instance-sg"
        }
      [32m+[0m[0m tags_all               = {
          [32m+[0m[0m "Name"       = "awslabs-r20261001-095217-1593629-instance-sg"
          [32m+[0m[0m "lab"        = "02-ec2-alb-asg"
          [32m+[0m[0m "managed_by" = "terraform"
          [32m+[0m[0m "project"    = "awslabs"
          [32m+[0m[0m "run_id"     = "r20261001-095217-1593629"
        }
      [32m+[0m[0m vpc_id                 = (known after apply)
    }

[1m  # aws_subnet.public[0][0m will be created
[0m  [32m+[0m[0m resource "aws_subnet" "public" {
      [32m+[0m[0m arn                                            = (known after apply)
      [32m+[0m[0m assign_ipv6_address_on_creation                = false
      [32m+[0m[0m availability_zone                              = "us-east-1a"
      [32m+[0m[0m availability_zone_id                           = (known after apply)
      [32m+[0m[0m cidr_block                                     = "10.30.0.0/24"
      [32m+[0m[0m enable_dns64                                   = false
      [32m+[0m[0m enable_resource_name_dns_a_record_on_launch    = false
      [32m+[0m[0m enable_resource_name_dns_aaaa_record_on_launch = false
      [32m+[0m[0m id                                             = (known after apply)
      [32m+[0m[0m ipv6_cidr_block_association_id                 = (known after apply)
      [32m+[0m[0m ipv6_native                                    = false
      [32m+[0m[0m map_public_ip_on_launch                        = true
      [32m+[0m[0m owner_id                                       = (known after apply)
      [32m+[0m[0m private_dns_hostname_type_on_launch            = (known after apply)
      [32m+[0m[0m tags                                           = {
          [32m+[0m[0m "Name" = "awslabs-r20261001-095217-1593629-public-0"
          [32m+[0m[0m "tier" = "public"
        }
      [32m+[0m[0m tags_all                                       = {
          [32m+[0m[0m "Name"       = "awslabs-r20261001-095217-1593629-public-0"
          [32m+[0m[0m "lab"        = "02-ec2-alb-asg"
          [32m+[0m[0m "managed_by" = "terraform"
          [32m+[0m[0m "project"    = "awslabs"
          [32m+[0m[0m "run_id"     = "r20261001-095217-1593629"
          [32m+[0m[0m "tier"       = "public"
        }
      [32m+[0m[0m vpc_id                                         = (known after apply)
    }

[1m  # aws_subnet.public[1][0m will be created
[0m  [32m+[0m[0m resource "aws_subnet" "public" {
      [32m+[0m[0m arn                                            = (known after apply)
      [32m+[0m[0m assign_ipv6_address_on_creation                = false
      [32m+[0m[0m availability_zone                              = "us-east-1b"
      [32m+[0m[0m availability_zone_id                           = (known after apply)
      [32m+[0m[0m cidr_block                                     = "10.30.1.0/24"
      [32m+[0m[0m enable_dns64                                   = false
      [32m+[0m[0m enable_resource_name_dns_a_record_on_launch    = false
      [32m+[0m[0m enable_resource_name_dns_aaaa_record_on_launch = false
      [32m+[0m[0m id                                             = (known after apply)
      [32m+[0m[0m ipv6_cidr_block_association_id                 = (known after apply)
      [32m+[0m[0m ipv6_native                                    = false
      [32m+[0m[0m map_public_ip_on_launch                        = true
      [32m+[0m[0m owner_id                                       = (known after apply)
      [32m+[0m[0m private_dns_hostname_type_on_launch            = (known after apply)
      [32m+[0m[0m tags                                           = {
          [32m+[0m[0m "Name" = "awslabs-r20261001-095217-1593629-public-1"
          [32m+[0m[0m "tier" = "public"
        }
      [32m+[0m[0m tags_all                                       = {
          [32m+[0m[0m "Name"       = "awslabs-r20261001-095217-1593629-public-1"
          [32m+[0m[0m "lab"        = "02-ec2-alb-asg"
          [32m+[0m[0m "managed_by" = "terraform"
          [32m+[0m[0m "project"    = "awslabs"
          [32m+[0m[0m "run_id"     = "r20261001-095217-1593629"
          [32m+[0m[0m "tier"       = "public"
        }
      [32m+[0m[0m vpc_id                                         = (known after apply)
    }

[1m  # aws_vpc.main[0m will be created
[0m  [32m+[0m[0m resource "aws_vpc" "main" {
      [32m+[0m[0m arn                                  = (known after apply)
      [32m+[0m[0m cidr_block                           = "10.30.0.0/16"
      [32m+[0m[0m default_network_acl_id               = (known after apply)
      [32m+[0m[0m default_route_table_id               = (known after apply)
      [32m+[0m[0m default_security_group_id            = (known after apply)
      [32m+[0m[0m dhcp_options_id                      = (known after apply)
      [32m+[0m[0m enable_dns_hostnames                 = true
      [32m+[0m[0m enable_dns_support                   = true
      [32m+[0m[0m enable_network_address_usage_metrics = (known after apply)
      [32m+[0m[0m id                                   = (known after apply)
      [32m+[0m[0m instance_tenancy                     = "default"
      [32m+[0m[0m ipv6_association_id                  = (known after apply)
      [32m+[0m[0m ipv6_cidr_block                      = (known after apply)
      [32m+[0m[0m ipv6_cidr_block_network_border_group = (known after apply)
      [32m+[0m[0m main_route_table_id                  = (known after apply)
      [32m+[0m[0m owner_id                             = (known after apply)
      [32m+[0m[0m tags                                 = {
          [32m+[0m[0m "Name" = "awslabs-r20261001-095217-1593629-vpc"
        }
      [32m+[0m[0m tags_all                             = {
          [32m+[0m[0m "Name"       = "awslabs-r20261001-095217-1593629-vpc"
          [32m+[0m[0m "lab"        = "02-ec2-alb-asg"
          [32m+[0m[0m "managed_by" = "terraform"
          [32m+[0m[0m "project"    = "awslabs"
          [32m+[0m[0m "run_id"     = "r20261001-095217-1593629"
        }
    }

[1mPlan:[0m [0m14 to add, 0 to change, 0 to destroy.

Changes to Outputs:
  [32m+[0m[0m alb_dns_name     = (known after apply)
  [32m+[0m[0m asg_name         = "awslabs-r20261001-095217-1593629-asg"
  [32m+[0m[0m target_group_arn = (known after apply)
  [32m+[0m[0m vpc_id           = (known after apply)
[0m[1maws_vpc.main: Creating...[0m[0m
[0m[1maws_vpc.main: Still creating... [00m10s elapsed][0m[0m
[0m[1maws_vpc.main: Creation complete after 13s [id=vpc-0a9bdf7d93df80456][0m
[0m[1maws_internet_gateway.igw: Creating...[0m[0m
[0m[1maws_subnet.public[1]: Creating...[0m[0m
[0m[1maws_subnet.public[0]: Creating...[0m[0m
[0m[1maws_lb_target_group.web: Creating...[0m[0m
[0m[1maws_security_group.alb: Creating...[0m[0m
[0m[1maws_internet_gateway.igw: Creation complete after 1s [id=igw-030e7f3f62c06a688][0m
[0m[1maws_route_table.public: Creating...[0m[0m
[0m[1maws_lb_target_group.web: Creation complete after 2s [id=arn:aws:elasticloadbalancing:us-east-1:<account-id>:targetgroup/awslabs--1593629-tg/f0fdf2df062b2b64][0m
[0m[1maws_route_table.public: Creation complete after 2s [id=rtb-0a66228f3b905207a][0m
[0m[1maws_security_group.alb: Creation complete after 4s [id=sg-07ff87597f8dd6bd6][0m
[0m[1maws_security_group.instance: Creating...[0m[0m
[0m[1maws_security_group.instance: Creation complete after 3s [id=sg-0d7d84c25b726619e][0m
[0m[1maws_launch_template.web: Creating...[0m[0m
[0m[1maws_subnet.public[1]: Still creating... [00m10s elapsed][0m[0m
[0m[1maws_subnet.public[0]: Still creating... [00m10s elapsed][0m[0m
[0m[1maws_subnet.public[1]: Creation complete after 11s [id=subnet-0f22090cbfcde3066][0m
[0m[1maws_subnet.public[0]: Creation complete after 12s [id=subnet-0e0e682d1291776b0][0m
[0m[1maws_route_table_association.public[0]: Creating...[0m[0m
[0m[1maws_route_table_association.public[1]: Creating...[0m[0m
[0m[1maws_lb.web: Creating...[0m[0m
[0m[1maws_route_table_association.public[1]: Creation complete after 0s [id=rtbassoc-0ab07cab0cefc96ee][0m
[0m[1maws_route_table_association.public[0]: Creation complete after 0s [id=rtbassoc-055607f777705cf2f][0m
[0m[1maws_launch_template.web: Creation complete after 6s [id=lt-0c18abe87e881700d][0m
[0m[1maws_autoscaling_group.web: Creating...[0m[0m
[0m[1maws_lb.web: Still creating... [00m10s elapsed][0m[0m
[0m[1maws_autoscaling_group.web: Still creating... [00m10s elapsed][0m[0m
[0m[1maws_lb.web: Still creating... [00m20s elapsed][0m[0m
[0m[1maws_autoscaling_group.web: Still creating... [00m20s elapsed][0m[0m
[0m[1maws_lb.web: Still creating... [00m30s elapsed][0m[0m
[0m[1maws_autoscaling_group.web: Still creating... [00m30s elapsed][0m[0m
[0m[1maws_lb.web: Still creating... [00m40s elapsed][0m[0m
[0m[1maws_autoscaling_group.web: Still creating... [00m40s elapsed][0m[0m
[0m[1maws_lb.web: Still creating... [00m50s elapsed][0m[0m
[0m[1maws_autoscaling_group.web: Still creating... [00m50s elapsed][0m[0m
[0m[1maws_lb.web: Still creating... [01m00s elapsed][0m[0m
[0m[1maws_autoscaling_group.web: Still creating... [01m00s elapsed][0m[0m
[0m[1maws_lb.web: Still creating... [01m10s elapsed][0m[0m
[0m[1maws_autoscaling_group.web: Still creating... [01m10s elapsed][0m[0m
[0m[1maws_lb.web: Still creating... [01m20s elapsed][0m[0m
[0m[1maws_autoscaling_group.web: Still creating... [01m20s elapsed][0m[0m
[0m[1maws_lb.web: Still creating... [01m30s elapsed][0m[0m
[0m[1maws_autoscaling_group.web: Still creating... [01m30s elapsed][0m[0m
[0m[1maws_lb.web: Still creating... [01m40s elapsed][0m[0m
[0m[1maws_autoscaling_group.web: Still creating... [01m40s elapsed][0m[0m
[0m[1maws_lb.web: Still creating... [01m50s elapsed][0m[0m
[0m[1maws_autoscaling_group.web: Still creating... [01m50s elapsed][0m[0m
[0m[1maws_lb.web: Still creating... [02m00s elapsed][0m[0m
[0m[1maws_autoscaling_group.web: Still creating... [02m00s elapsed][0m[0m
[0m[1maws_lb.web: Still creating... [02m10s elapsed][0m[0m
[0m[1maws_autoscaling_group.web: Still creating... [02m10s elapsed][0m[0m
[0m[1maws_lb.web: Still creating... [02m20s elapsed][0m[0m
[0m[1maws_autoscaling_group.web: Still creating... [02m20s elapsed][0m[0m
[0m[1maws_lb.web: Creation complete after 2m23s [id=arn:aws:elasticloadbalancing:us-east-1:<account-id>:loadbalancer/app/awslabs--1593629-alb/1546f49345a64255][0m
[0m[1maws_lb_listener.http: Creating...[0m[0m
[0m[1maws_lb_listener.http: Creation complete after 0s [id=arn:aws:elasticloadbalancing:us-east-1:<account-id>:listener/app/awslabs--1593629-alb/1546f49345a64255/3b382fdc34dfbe16][0m
[0m[1maws_autoscaling_group.web: Still creating... [02m30s elapsed][0m[0m
[0m[1maws_autoscaling_group.web: Still creating... [02m40s elapsed][0m[0m
[0m[1maws_autoscaling_group.web: Still creating... [02m50s elapsed][0m[0m
[0m[1maws_autoscaling_group.web: Still creating... [03m00s elapsed][0m[0m
[0m[1maws_autoscaling_group.web: Still creating... [03m10s elapsed][0m[0m
[0m[1maws_autoscaling_group.web: Creation complete after 3m19s [id=awslabs-r20261001-095217-1593629-asg][0m
[0m[1m[32m
Apply complete! Resources: 14 added, 0 changed, 0 destroyed.[0m
[0m[1m[32m
Outputs:

[0malb_dns_name = "awslabs--1593629-alb-1184158402.us-east-1.elb.amazonaws.com"
asg_name = "awslabs-r20261001-095217-1593629-asg"
target_group_arn = "arn:aws:elasticloadbalancing:us-east-1:<account-id>:targetgroup/awslabs--1593629-tg/f0fdf2df062b2b64"
vpc_id = "vpc-0a9bdf7d93df80456"
